// Jest Snapshot v1, https://goo.gl/fbAQLP

exports[`<TodoList/> should display sorted by "done" status 1`] = `
<div
  id="root"
>
  <h1
    className="title"
  >
    Todo List
  </h1>
  <main
    className="todo-list"
  >
    <TaskList />
  </main>
</div>
`;
